// Jest Snapshot v1, https://goo.gl/fbAQLP

exports[`Edit should render the component 1`] = `
<div
  className="tableau-download-container"
  onBlur={[Function]}
  onClick={[Function]}
  onFocus={[Function]}
  onMouseEnter={[Function]}
  onMouseLeave={[Function]}
>
  <button
    className="trigger-button"
  >
    <i
      className="ri-download-fill"
    />
    Download
  </button>
</div>
`;
