// Jest Snapshot v1, https://goo.gl/fbAQLP

exports[`View should render the component 1`] = `
<div
  className="embed-tableau"
>
  <div
    className="ui placeholder"
    style={
      Object {
        "height": "100%",
        "width": "100%",
      }
    }
  >
    <div
      className="rectangular image"
    />
  </div>
</div>
`;
