// Jest Snapshot v1, https://goo.gl/fbAQLP

exports[`View should render the component 1`] = `
<div
  className="embed-tableau"
>
  <div
    className="privacy-protection-wrapper"
    style={
      Object {
        "height": "auto",
        "minHeight": "200px",
        "overflow": "hidden",
        "position": "relative",
      }
    }
  >
    <div
      className="tableau-wrapper"
    >
      <div
        className="tableau tableau-2.8.0"
        style={Object {}}
      />
    </div>
  </div>
</div>
`;
